WARNING: features file is PARTIAL — time steps 1..9 of 49 (51138 rows of 203,769). The standard temporal split (train <= 34, test >= 35) is not available.
elliptic loaded (51138, 166) in 3s | labelled 11445 | selected 300 (illicit 150) | nmax 10 workers 4
Traceback (most recent call last):
  File "<string>", line 1, in <module>
    from multiprocessing.spawn import spawn_main; spawn_main(parent_pid=24544, pipe_handle=804)
                                                  ~~~~~~~~~~^^^^^^^^^^^^^^^^^^^^^^^^^^^^^^^^^^^
  File "C:\Users\admin\AppData\Local\Python\pythoncore-3.14-64\Lib\multiprocessing\spawn.py", line 122, in spawn_main
    exitcode = _main(fd, parent_sentinel)
  File "C:\Users\admin\AppData\Local\Python\pythoncore-3.14-64\Lib\multiprocessing\spawn.py", line 132, in _main
    self = reduction.pickle.load(from_parent)
  File "C:\Users\admin\AppData\Local\Python\pythoncore-3.14-64\Lib\multiprocessing\connection.py", line 1196, in rebuild_pipe_connection
    handle = dh.detach()
  File "C:\Users\admin\AppData\Local\Python\pythoncore-3.14-64\Lib\multiprocessing\reduction.py", line 131, in detach
    return _winapi.DuplicateHandle(
           ~~~~~~~~~~~~~~~~~~~~~~~^
        proc, self._handle, _winapi.GetCurrentProcess(),
        ^^^^^^^^^^^^^^^^^^^^^^^^^^^^^^^^^^^^^^^^^^^^^^^^
        self._access, False, _winapi.DUPLICATE_CLOSE_SOURCE)
        ^^^^^^^^^^^^^^^^^^^^^^^^^^^^^^^^^^^^^^^^^^^^^^^^^^^^
PermissionError: [WinError 5] Access is denied
