elliptic loaded (51138, 166) in 3s | labelled 11445 | selected 300 (illicit 150) | nmax 10 workers 1
features done in 280s | usable 300/300 | n: median 10 max 10
-> C:\quantum ai 2026\HSBC_SUBMISSION_PACKAGE\typology_features_elliptic_smoke.npz
C:\Users\admin\AppData\Local\Python\pythoncore-3.14-64\Lib\site-packages\sklearn\utils\validation.py:2691: UserWarning: X does not have valid feature names, but LGBMRegressor was fitted with feature names
  warnings.warn(
C:\Users\admin\AppData\Local\Python\pythoncore-3.14-64\Lib\site-packages\sklearn\utils\validation.py:2691: UserWarning: X does not have valid feature names, but LGBMRegressor was fitted with feature names
  warnings.warn(
C:\Users\admin\AppData\Local\Python\pythoncore-3.14-64\Lib\site-packages\sklearn\utils\validation.py:2691: UserWarning: X does not have valid feature names, but LGBMRegressor was fitted with feature names
  warnings.warn(
C:\Users\admin\AppData\Local\Python\pythoncore-3.14-64\Lib\site-packages\sklearn\utils\validation.py:2691: UserWarning: X does not have valid feature names, but LGBMRegressor was fitted with feature names
  warnings.warn(
C:\Users\admin\AppData\Local\Python\pythoncore-3.14-64\Lib\site-packages\sklearn\utils\validation.py:2691: UserWarning: X does not have valid feature names, but LGBMRegressor was fitted with feature names
  warnings.warn(
C:\Users\admin\AppData\Local\Python\pythoncore-3.14-64\Lib\site-packages\sklearn\utils\validation.py:2691: UserWarning: X does not have valid feature names, but LGBMRegressor was fitted with feature names
  warnings.warn(
C:\Users\admin\AppData\Local\Python\pythoncore-3.14-64\Lib\site-packages\sklearn\utils\validation.py:2691: UserWarning: X does not have valid feature names, but LGBMRegressor was fitted with feature names
  warnings.warn(
C:\Users\admin\AppData\Local\Python\pythoncore-3.14-64\Lib\site-packages\sklearn\utils\validation.py:2691: UserWarning: X does not have valid feature names, but LGBMRegressor was fitted with feature names
  warnings.warn(
C:\Users\admin\AppData\Local\Python\pythoncore-3.14-64\Lib\site-packages\sklearn\utils\validation.py:2691: UserWarning: X does not have valid feature names, but LGBMRegressor was fitted with feature names
  warnings.warn(
C:\Users\admin\AppData\Local\Python\pythoncore-3.14-64\Lib\site-packages\sklearn\utils\validation.py:2691: UserWarning: X does not have valid feature names, but LGBMRegressor was fitted with feature names
  warnings.warn(
C:\Users\admin\AppData\Local\Python\pythoncore-3.14-64\Lib\site-packages\sklearn\utils\validation.py:2691: UserWarning: X does not have valid feature names, but LGBMRegressor was fitted with feature names
  warnings.warn(
C:\Users\admin\AppData\Local\Python\pythoncore-3.14-64\Lib\site-packages\sklearn\utils\validation.py:2691: UserWarning: X does not have valid feature names, but LGBMRegressor was fitted with feature names
  warnings.warn(
C:\Users\admin\AppData\Local\Python\pythoncore-3.14-64\Lib\site-packages\sklearn\utils\validation.py:2691: UserWarning: X does not have valid feature names, but LGBMRegressor was fitted with feature names
  warnings.warn(
C:\Users\admin\AppData\Local\Python\pythoncore-3.14-64\Lib\site-packages\sklearn\utils\validation.py:2691: UserWarning: X does not have valid feature names, but LGBMRegressor was fitted with feature names
  warnings.warn(
C:\Users\admin\AppData\Local\Python\pythoncore-3.14-64\Lib\site-packages\sklearn\utils\validation.py:2691: UserWarning: X does not have valid feature names, but LGBMRegressor was fitted with feature names
  warnings.warn(
C:\Users\admin\AppData\Local\Python\pythoncore-3.14-64\Lib\site-packages\sklearn\utils\validation.py:2691: UserWarning: X does not have valid feature names, but LGBMRegressor was fitted with feature names
  warnings.warn(
C:\Users\admin\AppData\Local\Python\pythoncore-3.14-64\Lib\site-packages\sklearn\utils\validation.py:2691: UserWarning: X does not have valid feature names, but LGBMRegressor was fitted with feature names
  warnings.warn(
C:\Users\admin\AppData\Local\Python\pythoncore-3.14-64\Lib\site-packages\sklearn\utils\validation.py:2691: UserWarning: X does not have valid feature names, but LGBMRegressor was fitted with feature names
  warnings.warn(
C:\Users\admin\AppData\Local\Python\pythoncore-3.14-64\Lib\site-packages\sklearn\utils\validation.py:2691: UserWarning: X does not have valid feature names, but LGBMRegressor was fitted with feature names
  warnings.warn(
C:\Users\admin\AppData\Local\Python\pythoncore-3.14-64\Lib\site-packages\sklearn\utils\validation.py:2691: UserWarning: X does not have valid feature names, but LGBMRegressor was fitted with feature names
  warnings.warn(
C:\Users\admin\AppData\Local\Python\pythoncore-3.14-64\Lib\site-packages\sklearn\utils\validation.py:2691: UserWarning: X does not have valid feature names, but LGBMRegressor was fitted with feature names
  warnings.warn(
C:\Users\admin\AppData\Local\Python\pythoncore-3.14-64\Lib\site-packages\sklearn\utils\validation.py:2691: UserWarning: X does not have valid feature names, but LGBMRegressor was fitted with feature names
  warnings.warn(
C:\Users\admin\AppData\Local\Python\pythoncore-3.14-64\Lib\site-packages\sklearn\utils\validation.py:2691: UserWarning: X does not have valid feature names, but LGBMRegressor was fitted with feature names
  warnings.warn(
C:\Users\admin\AppData\Local\Python\pythoncore-3.14-64\Lib\site-packages\sklearn\utils\validation.py:2691: UserWarning: X does not have valid feature names, but LGBMRegressor was fitted with feature names
  warnings.warn(
C:\Users\admin\AppData\Local\Python\pythoncore-3.14-64\Lib\site-packages\sklearn\utils\validation.py:2691: UserWarning: X does not have valid feature names, but LGBMRegressor was fitted with feature names
  warnings.warn(
C:\Users\admin\AppData\Local\Python\pythoncore-3.14-64\Lib\site-packages\sklearn\utils\validation.py:2691: UserWarning: X does not have valid feature names, but LGBMRegressor was fitted with feature names
  warnings.warn(
C:\Users\admin\AppData\Local\Python\pythoncore-3.14-64\Lib\site-packages\sklearn\utils\validation.py:2691: UserWarning: X does not have valid feature names, but LGBMRegressor was fitted with feature names
  warnings.warn(
C:\Users\admin\AppData\Local\Python\pythoncore-3.14-64\Lib\site-packages\sklearn\utils\validation.py:2691: UserWarning: X does not have valid feature names, but LGBMRegressor was fitted with feature names
  warnings.warn(
C:\Users\admin\AppData\Local\Python\pythoncore-3.14-64\Lib\site-packages\sklearn\utils\validation.py:2691: UserWarning: X does not have valid feature names, but LGBMRegressor was fitted with feature names
  warnings.warn(
C:\Users\admin\AppData\Local\Python\pythoncore-3.14-64\Lib\site-packages\sklearn\utils\validation.py:2691: UserWarning: X does not have valid feature names, but LGBMRegressor was fitted with feature names
  warnings.warn(
C:\Users\admin\AppData\Local\Python\pythoncore-3.14-64\Lib\site-packages\sklearn\utils\validation.py:2691: UserWarning: X does not have valid feature names, but LGBMRegressor was fitted with feature names
  warnings.warn(
C:\Users\admin\AppData\Local\Python\pythoncore-3.14-64\Lib\site-packages\sklearn\utils\validation.py:2691: UserWarning: X does not have valid feature names, but LGBMRegressor was fitted with feature names
  warnings.warn(
C:\Users\admin\AppData\Local\Python\pythoncore-3.14-64\Lib\site-packages\sklearn\utils\validation.py:2691: UserWarning: X does not have valid feature names, but LGBMRegressor was fitted with feature names
  warnings.warn(
C:\Users\admin\AppData\Local\Python\pythoncore-3.14-64\Lib\site-packages\sklearn\utils\validation.py:2691: UserWarning: X does not have valid feature names, but LGBMRegressor was fitted with feature names
  warnings.warn(
C:\Users\admin\AppData\Local\Python\pythoncore-3.14-64\Lib\site-packages\sklearn\utils\validation.py:2691: UserWarning: X does not have valid feature names, but LGBMRegressor was fitted with feature names
  warnings.warn(
C:\Users\admin\AppData\Local\Python\pythoncore-3.14-64\Lib\site-packages\sklearn\utils\validation.py:2691: UserWarning: X does not have valid feature names, but LGBMRegressor was fitted with feature names
  warnings.warn(
C:\Users\admin\AppData\Local\Python\pythoncore-3.14-64\Lib\site-packages\sklearn\utils\validation.py:2691: UserWarning: X does not have valid feature names, but LGBMRegressor was fitted with feature names
  warnings.warn(
C:\Users\admin\AppData\Local\Python\pythoncore-3.14-64\Lib\site-packages\sklearn\utils\validation.py:2691: UserWarning: X does not have valid feature names, but LGBMRegressor was fitted with feature names
  warnings.warn(
C:\Users\admin\AppData\Local\Python\pythoncore-3.14-64\Lib\site-packages\sklearn\utils\validation.py:2691: UserWarning: X does not have valid feature names, but LGBMRegressor was fitted with feature names
  warnings.warn(
C:\Users\admin\AppData\Local\Python\pythoncore-3.14-64\Lib\site-packages\sklearn\utils\validation.py:2691: UserWarning: X does not have valid feature names, but LGBMRegressor was fitted with feature names
  warnings.warn(
C:\Users\admin\AppData\Local\Python\pythoncore-3.14-64\Lib\site-packages\sklearn\utils\validation.py:2691: UserWarning: X does not have valid feature names, but LGBMRegressor was fitted with feature names
  warnings.warn(
C:\Users\admin\AppData\Local\Python\pythoncore-3.14-64\Lib\site-packages\sklearn\utils\validation.py:2691: UserWarning: X does not have valid feature names, but LGBMRegressor was fitted with feature names
  warnings.warn(
C:\Users\admin\AppData\Local\Python\pythoncore-3.14-64\Lib\site-packages\sklearn\utils\validation.py:2691: UserWarning: X does not have valid feature names, but LGBMRegressor was fitted with feature names
  warnings.warn(
C:\Users\admin\AppData\Local\Python\pythoncore-3.14-64\Lib\site-packages\sklearn\utils\validation.py:2691: UserWarning: X does not have valid feature names, but LGBMRegressor was fitted with feature names
  warnings.warn(
C:\Users\admin\AppData\Local\Python\pythoncore-3.14-64\Lib\site-packages\sklearn\utils\validation.py:2691: UserWarning: X does not have valid feature names, but LGBMRegressor was fitted with feature names
  warnings.warn(
C:\Users\admin\AppData\Local\Python\pythoncore-3.14-64\Lib\site-packages\sklearn\utils\validation.py:2691: UserWarning: X does not have valid feature names, but LGBMRegressor was fitted with feature names
  warnings.warn(
C:\Users\admin\AppData\Local\Python\pythoncore-3.14-64\Lib\site-packages\sklearn\utils\validation.py:2691: UserWarning: X does not have valid feature names, but LGBMRegressor was fitted with feature names
  warnings.warn(
C:\Users\admin\AppData\Local\Python\pythoncore-3.14-64\Lib\site-packages\sklearn\utils\validation.py:2691: UserWarning: X does not have valid feature names, but LGBMRegressor was fitted with feature names
  warnings.warn(
C:\Users\admin\AppData\Local\Python\pythoncore-3.14-64\Lib\site-packages\sklearn\utils\validation.py:2691: UserWarning: X does not have valid feature names, but LGBMRegressor was fitted with feature names
  warnings.warn(
C:\Users\admin\AppData\Local\Python\pythoncore-3.14-64\Lib\site-packages\sklearn\utils\validation.py:2691: UserWarning: X does not have valid feature names, but LGBMRegressor was fitted with feature names
  warnings.warn(
C:\Users\admin\AppData\Local\Python\pythoncore-3.14-64\Lib\site-packages\sklearn\utils\validation.py:2691: UserWarning: X does not have valid feature names, but LGBMRegressor was fitted with feature names
  warnings.warn(
C:\Users\admin\AppData\Local\Python\pythoncore-3.14-64\Lib\site-packages\sklearn\utils\validation.py:2691: UserWarning: X does not have valid feature names, but LGBMRegressor was fitted with feature names
  warnings.warn(
C:\Users\admin\AppData\Local\Python\pythoncore-3.14-64\Lib\site-packages\sklearn\utils\validation.py:2691: UserWarning: X does not have valid feature names, but LGBMRegressor was fitted with feature names
  warnings.warn(
C:\Users\admin\AppData\Local\Python\pythoncore-3.14-64\Lib\site-packages\sklearn\utils\validation.py:2691: UserWarning: X does not have valid feature names, but LGBMRegressor was fitted with feature names
  warnings.warn(
C:\Users\admin\AppData\Local\Python\pythoncore-3.14-64\Lib\site-packages\sklearn\utils\validation.py:2691: UserWarning: X does not have valid feature names, but LGBMRegressor was fitted with feature names
  warnings.warn(
C:\Users\admin\AppData\Local\Python\pythoncore-3.14-64\Lib\site-packages\sklearn\utils\validation.py:2691: UserWarning: X does not have valid feature names, but LGBMRegressor was fitted with feature names
  warnings.warn(
C:\Users\admin\AppData\Local\Python\pythoncore-3.14-64\Lib\site-packages\sklearn\utils\validation.py:2691: UserWarning: X does not have valid feature names, but LGBMRegressor was fitted with feature names
  warnings.warn(
C:\Users\admin\AppData\Local\Python\pythoncore-3.14-64\Lib\site-packages\sklearn\utils\validation.py:2691: UserWarning: X does not have valid feature names, but LGBMRegressor was fitted with feature names
  warnings.warn(
C:\Users\admin\AppData\Local\Python\pythoncore-3.14-64\Lib\site-packages\sklearn\utils\validation.py:2691: UserWarning: X does not have valid feature names, but LGBMRegressor was fitted with feature names
  warnings.warn(
C:\Users\admin\AppData\Local\Python\pythoncore-3.14-64\Lib\site-packages\sklearn\utils\validation.py:2691: UserWarning: X does not have valid feature names, but LGBMRegressor was fitted with feature names
  warnings.warn(
C:\Users\admin\AppData\Local\Python\pythoncore-3.14-64\Lib\site-packages\sklearn\utils\validation.py:2691: UserWarning: X does not have valid feature names, but LGBMRegressor was fitted with feature names
  warnings.warn(
C:\Users\admin\AppData\Local\Python\pythoncore-3.14-64\Lib\site-packages\sklearn\utils\validation.py:2691: UserWarning: X does not have valid feature names, but LGBMRegressor was fitted with feature names
  warnings.warn(
C:\Users\admin\AppData\Local\Python\pythoncore-3.14-64\Lib\site-packages\sklearn\utils\validation.py:2691: UserWarning: X does not have valid feature names, but LGBMRegressor was fitted with feature names
  warnings.warn(
C:\Users\admin\AppData\Local\Python\pythoncore-3.14-64\Lib\site-packages\sklearn\utils\validation.py:2691: UserWarning: X does not have valid feature names, but LGBMRegressor was fitted with feature names
  warnings.warn(
C:\Users\admin\AppData\Local\Python\pythoncore-3.14-64\Lib\site-packages\sklearn\utils\validation.py:2691: UserWarning: X does not have valid feature names, but LGBMRegressor was fitted with feature names
  warnings.warn(
{
 "card": "cheap-scalar floor on the typology spectrum (Elliptic)",
 "n": 300,
 "r2_gbm_cv5": {
  "E0": 0.849,
  "gap": 0.9375,
  "gap_shift": 0.9391,
  "echo_contrast": 0.7776,
  "peak_omega": 0.4484,
  "band1": -0.0803,
  "band2": -0.0973,
  "band3": 0.6415,
  "band4": 0.6953,
  "S_t2": 0.3578,
  "S_t8": 0.5192,
  "echo_mean": 0.8511,
  "echo_late": 0.8493
 },
 "features_below_0p8": 8,
 "rule": "GO iff >= 3 spectral features with CV R2 < 0.8",
 "verdict": "GO"
}
C:\Users\admin\AppData\Local\Python\pythoncore-3.14-64\Lib\site-packages\numpy\_core\fromnumeric.py:3824: RuntimeWarning: Mean of empty slice
  return _methods._mean(a, axis=axis, dtype=dtype,
C:\Users\admin\AppData\Local\Python\pythoncore-3.14-64\Lib\site-packages\numpy\_core\_methods.py:142: RuntimeWarning: invalid value encountered in scalar divide
  ret = ret.dtype.type(ret / rcount)
C:\Users\admin\AppData\Local\Python\pythoncore-3.14-64\Lib\site-packages\numpy\_core\_methods.py:219: RuntimeWarning: Degrees of freedom <= 0 for slice
  ret = _var(a, axis=axis, dtype=dtype, out=out, ddof=ddof,
C:\Users\admin\AppData\Local\Python\pythoncore-3.14-64\Lib\site-packages\numpy\_core\_methods.py:178: RuntimeWarning: invalid value encountered in divide
  arrmean = um.true_divide(arrmean, div, out=arrmean,
C:\Users\admin\AppData\Local\Python\pythoncore-3.14-64\Lib\site-packages\numpy\_core\_methods.py:211: RuntimeWarning: invalid value encountered in scalar divide
  ret = ret.dtype.type(ret / rcount)
baseline         AUPRC nan ± nan  AUC nan
+graph_scalars   AUPRC nan ± nan  AUC nan
+spectral        AUPRC nan ± nan  AUC nan
+shuffled        AUPRC nan ± nan  AUC nan
+random          AUPRC nan ± nan  AUC nan
C:\quantum ai 2026\HSBC_SUBMISSION_PACKAGE\hsbc_typology_gate.py:284: RuntimeWarning: Mean of empty slice
  ci = [float(dlt.mean() - 1.96 * dlt.std(ddof=1) / math.sqrt(k)), float(dlt.mean() + 1.96 * dlt.std(ddof=1) / math.sqrt(k))]
C:\quantum ai 2026\HSBC_SUBMISSION_PACKAGE\hsbc_typology_gate.py:285: RuntimeWarning: Mean of empty slice
  passed = bool(dlt.mean() >= 0.02 and ci[0] > 0)
C:\quantum ai 2026\HSBC_SUBMISSION_PACKAGE\hsbc_typology_gate.py:287: RuntimeWarning: Mean of empty slice
  n_train=int(len(tr)), n_test=int(len(te)), illicit_rate_test=float(y[te].mean()), folds=k,
C:\quantum ai 2026\HSBC_SUBMISSION_PACKAGE\hsbc_typology_gate.py:288: RuntimeWarning: Mean of empty slice
  arms=out, paired_lift_spectral_vs_graph_scalars=dict(mean=float(dlt.mean()), ci95=ci),
paired lift +spectral vs +graph_scalars: {'mean': nan, 'ci95': [nan, nan]} -> FAIL
