==========================================================================
1) CLASSICAL ESCAPE ROUTE -- exhaustive search over qubit orderings
==========================================================================
  k=1  n= 6  searched     20 balanced cuts   best-case chi = 8/8   -> 0.0% compression available
  k=2  n=12  searched    924 balanced cuts   best-case chi = 62/64   -> 3.12% compression available
  k=3  n=18  searched 48,620 balanced cuts   best-case chi = 446/512   -> 12.89% compression available

==========================================================================
2) COST CROSSOVER   (classical = full statevector; MPS route closed above)
==========================================================================
layers k  qubits  2q gates     classical memory   device envelope
       1       6        13               1.0 KB   inside 18/18-validated depth
       2      12        28              64.0 KB   inside 18/18-validated depth
       3      18        43               4.0 MB   inside 18/18-validated depth
       4      24        58             256.0 MB   inside 18/18-validated depth
       5      30        73              16.0 GB   inside 18/18-validated depth
       6      36        88               1.0 TB   bracketed: past 77, under 240
       7      42       103              64.0 TB   bracketed: past 77, under 240
       8      48       118               4.0 PB   bracketed: past 77, under 240
       9      54       133             256.0 PB   bracketed: past 77, under 240
      10      60       148              16.0 EB   bracketed: past 77, under 240
      11      66       163               1.0 ZB   bracketed: past 77, under 240
      12      72       178              64.0 ZB   bracketed: past 77, under 240
      13      78       193               4.0 YB   bracketed: past 77, under 240
      14      84       208             256.0 YB   bracketed: past 77, under 240
      15      90       223               16 YB+   bracketed: past 77, under 240
      16      96       238         1.02e+03 YB+   bracketed: past 77, under 240

--------------------------------------------------------------------------
From k=5 (73 2q gates, inside the validated envelope) to k=8 (118 2q gates, still under the
measured 240-gate collapse): circuit grows 1.62x while the classical
requirement grows 262,144x -- 5.4 orders of magnitude.
--------------------------------------------------------------------------
wrote results/hsbc_advantage_scaling.json
